============================================================
NIR + 统计显著性检验
============================================================
[INFO] 加载分类: 226 条, 来自 failure_categories_by_group.json
[INFO] Baseline: 564 任务, 333 通过, 231 失败
[INFO] T2 (+Control)              567 任务
[INFO] T1 (+Memory)               565 任务
[INFO] T1s (+Struct.)             564 任务
[INFO] T3 (+Collab)               565 任务
[INFO] T4 (+Procedure)            565 任务
[INFO] T5 (+Combo)                564 任务

--- 验证 CRR ---
  T2 (+Control)              CRR = 47.6% (110/231)
  T1 (+Memory)               CRR = 35.1% (81/231)
  T1s (+Struct.)             CRR = 42.4% (98/231)
  T3 (+Collab)               CRR = 34.2% (79/231)
  T4 (+Procedure)            CRR = 33.8% (78/231)
  T5 (+Combo)                CRR = 51.1% (118/231)

--- NIR ---
  T2 (+Control)              NIR = 13.2%  (44/333 退化, 110 修复)
  T1 (+Memory)               NIR = 10.2%  (34/333 退化, 81 修复)
  T1s (+Struct.)             NIR = 14.1%  (47/333 退化, 98 修复)
  T3 (+Collab)               NIR = 14.4%  (48/333 退化, 79 修复)
  T4 (+Procedure)            NIR = 17.4%  (58/333 退化, 78 修复)
  T5 (+Combo)                NIR = 11.4%  (38/333 退化, 118 修复)

--- Wall Time ---
  Baseline                   80.0s
  T2 (+Control)              112.1s
  T1 (+Memory)               104.8s
  T1s (+Struct.)             199.6s
  T3 (+Collab)               145.8s
  T4 (+Procedure)            94.7s
  T5 (+Combo)                374.4s

--- 统计显著性 ---
  T2 (+Control)              CRR=47.6%  CI=[41.1%, 54.1%]  p=0.0000
  T1 (+Memory)               CRR=35.1%  CI=[29.0%, 41.1%]  p=0.0000
  T1s (+Struct.)             CRR=42.4%  CI=[35.9%, 48.9%]  p=0.0000
  T3 (+Collab)               CRR=34.2%  CI=[28.1%, 40.3%]  p=0.0075
  T4 (+Procedure)            CRR=33.8%  CI=[27.7%, 39.8%]  p=0.1029
  T5 (+Combo)                CRR=51.1%  CI=[44.6%, 57.6%]  p=0.0000

[保存] /Volumes/F/work/ClawEvalkit-private-emnlp/error_analysis/outputs/nir_significance.json
[保存] /Volumes/F/work/ClawEvalkit-private-emnlp/error_analysis/outputs/nir_significance.md

完成!
